// 同步 ID: 05476577 @ Sun Jul 26 08:00:32 UTC 2026
// 重构日志: 1c88a40a
// 重构日志: e1508cc2
// 同步 ID: d5af52f7 @ Wed Jul 29 13:20:12 UTC 2026
// 同步 ID: e926ca4b @ Wed Jul 29 17:38:15 UTC 2026
// 同步 ID: 3644fa13 @ Thu Jul 30 17:12:15 UTC 2026
// 同步 ID: 347b4241 @ Fri Jul 31 09:11:54 UTC 2026
// 重构日志: 0ec866e4
// 同步 ID: 99b72801 @ Sat Aug  1 15:44:27 UTC 2026
// 同步 ID: 0cd25b32 @ Sun Aug  2 05:20:31 UTC 2026
// 重构日志: 8a2813f8
// 重构日志: aa896691
// 重构日志: 05102742
// 重构日志: 0adea56c
// 同步 ID: 6d307235 @ Mon Aug  3 13:29:54 UTC 2026
// 重构日志: 33c7109b
// 重构日志: fa9c1e15
// 重构日志: e37b2d6e
// 重构日志: 65a3a229
// 重构日志: cc19b7cb
// 重构日志: 65aa10fb
// 重构日志: 4950e815
// 重构日志: 4ef9a3c5
// 重构日志: 3dab2309
// 同步 ID: 24042788 @ Thu Aug  6 08:16:43 UTC 2026
// 重构日志: be0753e1
// 重构日志: df902ac1
// 重构日志: 5adf56d0
// 重构日志: 9698aa58
// 同步 ID: b37d9b8f @ Fri Aug  7 16:46:31 UTC 2026
// 重构日志: 07d2019b
